Archive member included to satisfy reference by file (symbol)

c:/program files (x86)/gnu arm embedded toolchain/10 2021.10/bin/../lib/gcc/arm-none-eabi/10.3.1/../../../../arm-none-eabi/lib/thumb/v7-m/nofp\libc_nano.a(lib_a-exit.o)
                              c:/program files (x86)/gnu arm embedded toolchain/10 2021.10/bin/../lib/gcc/arm-none-eabi/10.3.1/../../../../arm-none-eabi/lib/thumb/v7-m/nofp/crt0.o (exit)
c:/program files (x86)/gnu arm embedded toolchain/10 2021.10/bin/../lib/gcc/arm-none-eabi/10.3.1/../../../../arm-none-eabi/lib/thumb/v7-m/nofp\libc_nano.a(lib_a-impure.o)
                              c:/program files (x86)/gnu arm embedded toolchain/10 2021.10/bin/../lib/gcc/arm-none-eabi/10.3.1/../../../../arm-none-eabi/lib/thumb/v7-m/nofp\libc_nano.a(lib_a-exit.o) (_global_impure_ptr)
c:/program files (x86)/gnu arm embedded toolchain/10 2021.10/bin/../lib/gcc/arm-none-eabi/10.3.1/../../../../arm-none-eabi/lib/thumb/v7-m/nofp\libc_nano.a(lib_a-init.o)
                              c:/program files (x86)/gnu arm embedded toolchain/10 2021.10/bin/../lib/gcc/arm-none-eabi/10.3.1/../../../../arm-none-eabi/lib/thumb/v7-m/nofp/crt0.o (__libc_init_array)
c:/program files (x86)/gnu arm embedded toolchain/10 2021.10/bin/../lib/gcc/arm-none-eabi/10.3.1/../../../../arm-none-eabi/lib/thumb/v7-m/nofp\libc_nano.a(lib_a-memset.o)
                              c:/program files (x86)/gnu arm embedded toolchain/10 2021.10/bin/../lib/gcc/arm-none-eabi/10.3.1/../../../../arm-none-eabi/lib/thumb/v7-m/nofp/crt0.o (memset)
c:/program files (x86)/gnu arm embedded toolchain/10 2021.10/bin/../lib/gcc/arm-none-eabi/10.3.1/../../../../arm-none-eabi/lib/thumb/v7-m/nofp\libnosys.a(_exit.o)
                              c:/program files (x86)/gnu arm embedded toolchain/10 2021.10/bin/../lib/gcc/arm-none-eabi/10.3.1/../../../../arm-none-eabi/lib/thumb/v7-m/nofp\libc_nano.a(lib_a-exit.o) (_exit)
c:/program files (x86)/gnu arm embedded toolchain/10 2021.10/bin/../lib/gcc/arm-none-eabi/10.3.1/thumb/v7-m/nofp\libgcc.a(_aeabi_uldivmod.o)
                              Build/systick.o (__aeabi_uldivmod)
c:/program files (x86)/gnu arm embedded toolchain/10 2021.10/bin/../lib/gcc/arm-none-eabi/10.3.1/thumb/v7-m/nofp\libgcc.a(_udivmoddi4.o)
                              c:/program files (x86)/gnu arm embedded toolchain/10 2021.10/bin/../lib/gcc/arm-none-eabi/10.3.1/thumb/v7-m/nofp\libgcc.a(_aeabi_uldivmod.o) (__udivmoddi4)
c:/program files (x86)/gnu arm embedded toolchain/10 2021.10/bin/../lib/gcc/arm-none-eabi/10.3.1/thumb/v7-m/nofp\libgcc.a(_dvmd_tls.o)
                              c:/program files (x86)/gnu arm embedded toolchain/10 2021.10/bin/../lib/gcc/arm-none-eabi/10.3.1/thumb/v7-m/nofp\libgcc.a(_aeabi_uldivmod.o) (__aeabi_ldiv0)

Discarded input sections

 .text          0x00000000        0x0 c:/program files (x86)/gnu arm embedded toolchain/10 2021.10/bin/../lib/gcc/arm-none-eabi/10.3.1/thumb/v7-m/nofp/crti.o
 .data          0x00000000        0x0 c:/program files (x86)/gnu arm embedded toolchain/10 2021.10/bin/../lib/gcc/arm-none-eabi/10.3.1/thumb/v7-m/nofp/crti.o
 .bss           0x00000000        0x0 c:/program files (x86)/gnu arm embedded toolchain/10 2021.10/bin/../lib/gcc/arm-none-eabi/10.3.1/thumb/v7-m/nofp/crti.o
 .data          0x00000000        0x4 c:/program files (x86)/gnu arm embedded toolchain/10 2021.10/bin/../lib/gcc/arm-none-eabi/10.3.1/thumb/v7-m/nofp/crtbegin.o
 .rodata        0x00000000       0x24 c:/program files (x86)/gnu arm embedded toolchain/10 2021.10/bin/../lib/gcc/arm-none-eabi/10.3.1/thumb/v7-m/nofp/crtbegin.o
 .text          0x00000000       0x7c c:/program files (x86)/gnu arm embedded toolchain/10 2021.10/bin/../lib/gcc/arm-none-eabi/10.3.1/../../../../arm-none-eabi/lib/thumb/v7-m/nofp/crt0.o
 .data          0x00000000        0x0 c:/program files (x86)/gnu arm embedded toolchain/10 2021.10/bin/../lib/gcc/arm-none-eabi/10.3.1/../../../../arm-none-eabi/lib/thumb/v7-m/nofp/crt0.o
 .bss           0x00000000        0x0 c:/program files (x86)/gnu arm embedded toolchain/10 2021.10/bin/../lib/gcc/arm-none-eabi/10.3.1/../../../../arm-none-eabi/lib/thumb/v7-m/nofp/crt0.o
 .ARM.extab     0x00000000        0x0 c:/program files (x86)/gnu arm embedded toolchain/10 2021.10/bin/../lib/gcc/arm-none-eabi/10.3.1/../../../../arm-none-eabi/lib/thumb/v7-m/nofp/crt0.o
 .ARM.exidx     0x00000000       0x10 c:/program files (x86)/gnu arm embedded toolchain/10 2021.10/bin/../lib/gcc/arm-none-eabi/10.3.1/../../../../arm-none-eabi/lib/thumb/v7-m/nofp/crt0.o
 .ARM.attributes
                0x00000000       0x1b c:/program files (x86)/gnu arm embedded toolchain/10 2021.10/bin/../lib/gcc/arm-none-eabi/10.3.1/../../../../arm-none-eabi/lib/thumb/v7-m/nofp/crt0.o
 .text          0x00000000        0x0 Build/main.o
 .data          0x00000000        0x0 Build/main.o
 .bss           0x00000000        0x0 Build/main.o
 .bss.tim       0x00000000        0x8 Build/main.o
 .text          0x00000000        0x0 Build/stm32f10x_it.o
[...]
Memory Configuration

Name             Origin             Length             Attributes
RAM              0x20000000         0x00005000         xrw
FLASH            0x08000000         0x00010000         xr
*default*        0x00000000         0xffffffff

Linker script and memory map

LOAD c:/program files (x86)/gnu arm embedded toolchain/10 2021.10/bin/../lib/gcc/arm-none-eabi/10.3.1/thumb/v7-m/nofp/crti.o
LOAD c:/program files (x86)/gnu arm embedded toolchain/10 2021.10/bin/../lib/gcc/arm-none-eabi/10.3.1/thumb/v7-m/nofp/crtbegin.o
LOAD c:/program files (x86)/gnu arm embedded toolchain/10 2021.10/bin/../lib/gcc/arm-none-eabi/10.3.1/../../../../arm-none-eabi/lib/thumb/v7-m/nofp/crt0.o
LOAD Build/main.o
LOAD Build/stm32f10x_it.o
LOAD Build/system_stm32f10x.o
LOAD Build/systick.o
LOAD Build/gpio.o
LOAD Build/misc.o
LOAD Build/stm32f10x_adc.o
LOAD Build/stm32f10x_bkp.o
LOAD Build/stm32f10x_can.o
LOAD Build/stm32f10x_cec.o
LOAD Build/stm32f10x_crc.o
LOAD Build/stm32f10x_dac.o
LOAD Build/stm32f10x_dbgmcu.o
LOAD Build/stm32f10x_dma.o
LOAD Build/stm32f10x_exti.o
LOAD Build/stm32f10x_flash.o
LOAD Build/stm32f10x_fsmc.o
LOAD Build/stm32f10x_gpio.o
LOAD Build/stm32f10x_i2c.o
LOAD Build/stm32f10x_iwdg.o
LOAD Build/stm32f10x_pwr.o
LOAD Build/stm32f10x_rcc.o
LOAD Build/stm32f10x_rtc.o
LOAD Build/stm32f10x_sdio.o
LOAD Build/stm32f10x_spi.o
LOAD Build/stm32f10x_tim.o
LOAD Build/stm32f10x_usart.o
LOAD Build/stm32f10x_wwdg.o
LOAD Build/startup_stm32f103xb.o
LOAD c:/program files (x86)/gnu arm embedded toolchain/10 2021.10/bin/../lib/gcc/arm-none-eabi/10.3.1/../../../../arm-none-eabi/lib/thumb/v7-m/nofp\libc_nano.a
LOAD c:/program files (x86)/gnu arm embedded toolchain/10 2021.10/bin/../lib/gcc/arm-none-eabi/10.3.1/../../../../arm-none-eabi/lib/thumb/v7-m/nofp\libm.a
LOAD c:/program files (x86)/gnu arm embedded toolchain/10 2021.10/bin/../lib/gcc/arm-none-eabi/10.3.1/../../../../arm-none-eabi/lib/thumb/v7-m/nofp\libnosys.a
START GROUP
LOAD c:/program files (x86)/gnu arm embedded toolchain/10 2021.10/bin/../lib/gcc/arm-none-eabi/10.3.1/thumb/v7-m/nofp\libgcc.a
LOAD c:/program files (x86)/gnu arm embedded toolchain/10 2021.10/bin/../lib/gcc/arm-none-eabi/10.3.1/../../../../arm-none-eabi/lib/thumb/v7-m/nofp\libc_nano.a
END GROUP
START GROUP
LOAD c:/program files (x86)/gnu arm embedded toolchain/10 2021.10/bin/../lib/gcc/arm-none-eabi/10.3.1/thumb/v7-m/nofp\libgcc.a
LOAD c:/program files (x86)/gnu arm embedded toolchain/10 2021.10/bin/../lib/gcc/arm-none-eabi/10.3.1/../../../../arm-none-eabi/lib/thumb/v7-m/nofp\libc_nano.a
END GROUP
LOAD c:/program files (x86)/gnu arm embedded toolchain/10 2021.10/bin/../lib/gcc/arm-none-eabi/10.3.1/thumb/v7-m/nofp/crtend.o
LOAD c:/program files (x86)/gnu arm embedded toolchain/10 2021.10/bin/../lib/gcc/arm-none-eabi/10.3.1/thumb/v7-m/nofp/crtn.o
                0x20005000                _estack = (ORIGIN (RAM) + LENGTH (RAM))
                0x00000200                _Min_Heap_Size = 0x200
                0x00000400                _Min_Stack_Size = 0x400

.isr_vector     0x08000000      0x10c
                0x08000000                . = ALIGN (0x4)
 *(.isr_vector)
 .isr_vector    0x08000000      0x10c Build/startup_stm32f103xb.o
                0x08000000                g_pfnVectors
                0x0800010c                . = ALIGN (0x4)

.text           0x0800010c      0x708
                0x0800010c                . = ALIGN (0x4)
 *(.text)
 .text          0x0800010c       0x40 c:/program files (x86)/gnu arm embedded toolchain/10 2021.10/bin/../lib/gcc/arm-none-eabi/10.3.1/thumb/v7-m/nofp/crtbegin.o
 *(.text*)
 .text.main     0x0800014c       0x40 Build/main.o
                0x0800014c                main
 .text.NMI_Handler
                0x0800018c        0xc Build/stm32f10x_it.o
                0x0800018c                NMI_Handler
 .text.HardFault_Handler
                0x08000198        0x6 Build/stm32f10x_it.o
                0x08000198                HardFault_Handler
 .text.MemManage_Handler
                0x0800019e        0x6 Build/stm32f10x_it.o
                0x0800019e                MemManage_Handler
 .text.BusFault_Handler
                0x080001a4        0x6 Build/stm32f10x_it.o
                0x080001a4                BusFault_Handler
 .text.UsageFault_Handler
                0x080001aa        0x6 Build/stm32f10x_it.o
                0x080001aa                UsageFault_Handler
 .text.SVC_Handler
                0x080001b0        0xc Build/stm32f10x_it.o
                0x080001b0                SVC_Handler
 .text.DebugMon_Handler
                0x080001bc        0xc Build/stm32f10x_it.o
                0x080001bc                DebugMon_Handler
 .text.PendSV_Handler
                0x080001c8        0xc Build/stm32f10x_it.o
                0x080001c8                PendSV_Handler
 .text.SysTick_Handler
                0x080001d4       0x24 Build/stm32f10x_it.o
                0x080001d4                SysTick_Handler
 .text.SystemInit
                0x080001f8       0x68 Build/system_stm32f10x.o
                0x080001f8                SystemInit
 .text.SetSysClock
                0x08000260        0xc Build/system_stm32f10x.o
 .text.SetSysClockTo72
                0x0800026c      0x100 Build/system_stm32f10x.o
 .text.__NVIC_SetPriority
                0x0800036c       0x54 Build/systick.o
 .text.SysTick_Config
                0x080003c0       0x44 Build/systick.o
 .text.SysTick_Init
                0x08000404       0x34 Build/systick.o
                0x08000404                SysTick_Init
 .text.Delay_us
                0x08000438       0x3e Build/systick.o
                0x08000438                Delay_us
 .text.Delay_ms
                0x08000476       0x22 Build/systick.o
                0x08000476                Delay_ms
 .text.Micros   0x08000498       0x18 Build/systick.o
                0x08000498                Micros
 .text.GPIO_Config
                0x080004b0       0xcc Build/gpio.o
                0x080004b0                GPIO_Config
 .text.GPIO_Enable
                0x0800057c       0x1c Build/gpio.o
                0x0800057c                GPIO_Enable
 .text.GPIO_Disable
                0x08000598       0x1c Build/gpio.o
                0x08000598                GPIO_Disable
 .text.GPIO_Init
                0x080005b4      0x178 Build/stm32f10x_gpio.o
                0x080005b4                GPIO_Init
 .text.RCC_APB2PeriphClockCmd
                0x0800072c       0x3c Build/stm32f10x_rcc.o
                0x0800072c                RCC_APB2PeriphClockCmd
 .text.Reset_Handler
                0x08000768       0x48 Build/startup_stm32f103xb.o
                0x08000768                Reset_Handler
 .text.Default_Handler
                0x080007b0        0x2 Build/startup_stm32f103xb.o
                0x080007b0                RTC_Alarm_IRQHandler
                0x080007b0                EXTI2_IRQHandler
                0x080007b0                TIM1_CC_IRQHandler
                0x080007b0                PVD_IRQHandler
                0x080007b0                EXTI3_IRQHandler
                0x080007b0                EXTI0_IRQHandler
                0x080007b0                I2C2_EV_IRQHandler
                0x080007b0                ADC1_2_IRQHandler
                0x080007b0                SPI1_IRQHandler
                0x080007b0                TAMPER_IRQHandler
                0x080007b0                DMA1_Channel4_IRQHandler
                0x080007b0                USART3_IRQHandler
                0x080007b0                RTC_IRQHandler
                0x080007b0                DMA1_Channel7_IRQHandler
                0x080007b0                CAN1_RX1_IRQHandler
                0x080007b0                TIM4_IRQHandler
                0x080007b0                I2C1_EV_IRQHandler
                0x080007b0                DMA1_Channel6_IRQHandler
                0x080007b0                TIM3_IRQHandler
                0x080007b0                RCC_IRQHandler
                0x080007b0                TIM1_TRG_COM_IRQHandler
                0x080007b0                DMA1_Channel1_IRQHandler
                0x080007b0                Default_Handler
                0x080007b0                EXTI15_10_IRQHandler
                0x080007b0                EXTI9_5_IRQHandler
                0x080007b0                SPI2_IRQHandler
                0x080007b0                DMA1_Channel5_IRQHandler
                0x080007b0                EXTI4_IRQHandler
                0x080007b0                USB_LP_CAN1_RX0_IRQHandler
                0x080007b0                USB_HP_CAN1_TX_IRQHandler
                0x080007b0                DMA1_Channel3_IRQHandler
                0x080007b0                TIM1_UP_IRQHandler
                0x080007b0                WWDG_IRQHandler
                0x080007b0                TIM2_IRQHandler
                0x080007b0                TIM1_BRK_IRQHandler
                0x080007b0                EXTI1_IRQHandler
                0x080007b0                USART2_IRQHandler
                0x080007b0                I2C2_ER_IRQHandler
                0x080007b0                DMA1_Channel2_IRQHandler
                0x080007b0                CAN1_SCE_IRQHandler
                0x080007b0                FLASH_IRQHandler
                0x080007b0                USART1_IRQHandler
                0x080007b0                I2C1_ER_IRQHandler
                0x080007b0                USBWakeUp_IRQHandler
 *fill*         0x080007b2        0x2 
 .text.__libc_init_array
                0x080007b4       0x48 c:/program files (x86)/gnu arm embedded toolchain/10 2021.10/bin/../lib/gcc/arm-none-eabi/10.3.1/../../../../arm-none-eabi/lib/thumb/v7-m/nofp\libc_nano.a(lib_a-init.o)
                0x080007b4                __libc_init_array
 *(.glue_7)
 .glue_7        0x080007fc        0x0 linker stubs
 *(.glue_7t)
 .glue_7t       0x080007fc        0x0 linker stubs
 *(.eh_frame)
 .eh_frame      0x080007fc        0x0 c:/program files (x86)/gnu arm embedded toolchain/10 2021.10/bin/../lib/gcc/arm-none-eabi/10.3.1/thumb/v7-m/nofp/crtbegin.o
 *(.init)
 .init          0x080007fc        0x4 c:/program files (x86)/gnu arm embedded toolchain/10 2021.10/bin/../lib/gcc/arm-none-eabi/10.3.1/thumb/v7-m/nofp/crti.o
                0x080007fc                _init
 .init          0x08000800        0x8 c:/program files (x86)/gnu arm embedded toolchain/10 2021.10/bin/../lib/gcc/arm-none-eabi/10.3.1/thumb/v7-m/nofp/crtn.o
 *(.fini)
 .fini          0x08000808        0x4 c:/program files (x86)/gnu arm embedded toolchain/10 2021.10/bin/../lib/gcc/arm-none-eabi/10.3.1/thumb/v7-m/nofp/crti.o
                0x08000808                _fini
 .fini          0x0800080c        0x8 c:/program files (x86)/gnu arm embedded toolchain/10 2021.10/bin/../lib/gcc/arm-none-eabi/10.3.1/thumb/v7-m/nofp/crtn.o
                0x08000814                . = ALIGN (0x4)
                0x08000814                _etext = .

.vfp11_veneer   0x08000814        0x0
 .vfp11_veneer  0x08000814        0x0 linker stubs

.v4_bx          0x08000814        0x0
 .v4_bx         0x08000814        0x0 linker stubs

.iplt           0x08000814        0x0
 .iplt          0x08000814        0x0 c:/program files (x86)/gnu arm embedded toolchain/10 2021.10/bin/../lib/gcc/arm-none-eabi/10.3.1/thumb/v7-m/nofp/crtbegin.o

.rel.dyn        0x08000814        0x0
 .rel.iplt      0x08000814        0x0 c:/program files (x86)/gnu arm embedded toolchain/10 2021.10/bin/../lib/gcc/arm-none-eabi/10.3.1/thumb/v7-m/nofp/crtbegin.o

.rodata         0x08000814        0x0
                0x08000814                . = ALIGN (0x4)
 *(.rodata)
 *(.rodata*)
                0x08000814                . = ALIGN (0x4)

.ARM.extab
 *(.ARM.extab* .gnu.linkonce.armextab.*)

.ARM            0x08000814        0x0
                0x08000814                __exidx_start = .
 *(.ARM.exidx*)
                0x08000814                __exidx_end = .

.preinit_array  0x08000814        0x0
                0x08000814                PROVIDE (__preinit_array_start = .)
 *(.preinit_array*)
                0x08000814                PROVIDE (__preinit_array_end = .)

.init_array     0x08000814        0x4
                0x08000814                PROVIDE (__init_array_start = .)
 *(SORT_BY_NAME(.init_array.*))
 *(.init_array*)
 .init_array    0x08000814        0x4 c:/program files (x86)/gnu arm embedded toolchain/10 2021.10/bin/../lib/gcc/arm-none-eabi/10.3.1/thumb/v7-m/nofp/crtbegin.o
                0x08000818                PROVIDE (__init_array_end = .)

.fini_array     0x08000818        0x4
                [!provide]                PROVIDE (__fini_array_start = .)
 *(SORT_BY_NAME(.fini_array.*))
 *(.fini_array*)
 .fini_array    0x08000818        0x4 c:/program files (x86)/gnu arm embedded toolchain/10 2021.10/bin/../lib/gcc/arm-none-eabi/10.3.1/thumb/v7-m/nofp/crtbegin.o
                [!provide]                PROVIDE (__fini_array_end = .)
                0x0800081c                _sidata = LOADADDR (.data)

.data           0x20000000        0x4 load address 0x0800081c
                0x20000000                . = ALIGN (0x4)
                0x20000000                _sdata = .
 *(.data)
 *(.data*)
 .data.SystemCoreClock
                0x20000000        0x4 Build/system_stm32f10x.o
                0x20000000                SystemCoreClock
                0x20000004                . = ALIGN (0x4)
                0x20000004                _edata = .

.igot.plt       0x20000004        0x0 load address 0x08000820
 .igot.plt      0x20000004        0x0 c:/program files (x86)/gnu arm embedded toolchain/10 2021.10/bin/../lib/gcc/arm-none-eabi/10.3.1/thumb/v7-m/nofp/crtbegin.o
                0x20000004                . = ALIGN (0x4)

.bss            0x20000008       0x28 load address 0x08000820
                0x20000008                _sbss = .
                0x20000008                __bss_start__ = _sbss
 *(.bss)
 .bss           0x20000008       0x1c c:/program files (x86)/gnu arm embedded toolchain/10 2021.10/bin/../lib/gcc/arm-none-eabi/10.3.1/thumb/v7-m/nofp/crtbegin.o
 *(.bss*)
 *fill*         0x20000024        0x4 
 .bss.Timing    0x20000028        0x8 Build/systick.o
                0x20000028                Timing
 *(COMMON)
                0x20000030                . = ALIGN (0x4)
                0x20000030                _ebss = .
                0x20000030                __bss_end__ = _ebss

._user_heap_stack
                0x20000030      0x600 load address 0x08000820
                0x20000030                . = ALIGN (0x8)
                [!provide]                PROVIDE (end = .)
                [!provide]                PROVIDE (_end = .)
                0x20000230                . = (. + _Min_Heap_Size)
 *fill*         0x20000030      0x200 
                0x20000630                . = (. + _Min_Stack_Size)
 *fill*         0x20000230      0x400 
                0x20000630                . = ALIGN (0x8)

/DISCARD/
 libc.a(*)
 libm.a(*)
 libgcc.a(*)

.ARM.attributes
                0x00000000       0x29
 *(.ARM.attributes)
 .ARM.attributes
                0x00000000       0x1d c:/program files (x86)/gnu arm embedded toolchain/10 2021.10/bin/../lib/gcc/arm-none-eabi/10.3.1/thumb/v7-m/nofp/crti.o
 .ARM.attributes
                0x0000001d       0x2d c:/program files (x86)/gnu arm embedded toolchain/10 2021.10/bin/../lib/gcc/arm-none-eabi/10.3.1/thumb/v7-m/nofp/crtbegin.o
 .ARM.attributes
                0x0000004a       0x2d Build/main.o
 .ARM.attributes
                0x00000077       0x2d Build/stm32f10x_it.o
 .ARM.attributes
                0x000000a4       0x2d Build/system_stm32f10x.o
 .ARM.attributes
                0x000000d1       0x2d Build/systick.o
 .ARM.attributes
                0x000000fe       0x2d Build/gpio.o
 .ARM.attributes
                0x0000012b       0x2d Build/stm32f10x_gpio.o
 .ARM.attributes
                0x00000158       0x2d Build/stm32f10x_rcc.o
 .ARM.attributes
                0x00000185       0x21 Build/startup_stm32f103xb.o
 .ARM.attributes
                0x000001a6       0x2d c:/program files (x86)/gnu arm embedded toolchain/10 2021.10/bin/../lib/gcc/arm-none-eabi/10.3.1/../../../../arm-none-eabi/lib/thumb/v7-m/nofp\libc_nano.a(lib_a-init.o)
 .ARM.attributes
                0x000001d3       0x1d c:/program files (x86)/gnu arm embedded toolchain/10 2021.10/bin/../lib/gcc/arm-none-eabi/10.3.1/thumb/v7-m/nofp/crtn.o
OUTPUT(Build/template_make.elf elf32-littlearm)
LOAD linker stubs
LOAD c:/program files (x86)/gnu arm embedded toolchain/10 2021.10/bin/../lib/gcc/arm-none-eabi/10.3.1/../../../../arm-none-eabi/lib/thumb/v7-m/nofp\libc.a
LOAD c:/program files (x86)/gnu arm embedded toolchain/10 2021.10/bin/../lib/gcc/arm-none-eabi/10.3.1/../../../../arm-none-eabi/lib/thumb/v7-m/nofp\libm.a
LOAD c:/program files (x86)/gnu arm embedded toolchain/10 2021.10/bin/../lib/gcc/arm-none-eabi/10.3.1/thumb/v7-m/nofp\libgcc.a

.debug_info     0x00000000     0x2526
 .debug_info    0x00000000      0x1b2 Build/main.o
 .debug_info    0x000001b2      0x16a Build/stm32f10x_it.o
 .debug_info    0x0000031c      0x520 Build/system_stm32f10x.o
 .debug_info    0x0000083c      0x723 Build/systick.o
 .debug_info    0x00000f5f      0x446 Build/gpio.o
 .debug_info    0x000013a5      0x7aa Build/stm32f10x_gpio.o
 .debug_info    0x00001b4f      0x9b5 Build/stm32f10x_rcc.o
 .debug_info    0x00002504       0x22 Build/startup_stm32f103xb.o

.debug_abbrev   0x00000000      0x9c4
 .debug_abbrev  0x00000000       0xcd Build/main.o
 .debug_abbrev  0x000000cd       0x6f Build/stm32f10x_it.o
 .debug_abbrev  0x0000013c      0x17f Build/system_stm32f10x.o
 .debug_abbrev  0x000002bb      0x1cd Build/systick.o
 .debug_abbrev  0x00000488      0x16a Build/gpio.o
 .debug_abbrev  0x000005f2      0x1eb Build/stm32f10x_gpio.o
 .debug_abbrev  0x000007dd      0x1d5 Build/stm32f10x_rcc.o
 .debug_abbrev  0x000009b2       0x12 Build/startup_stm32f103xb.o

.debug_loc      0x00000000     0x192c
 .debug_loc     0x00000000       0x2c Build/main.o
 .debug_loc     0x0000002c      0x204 Build/stm32f10x_it.o
 .debug_loc     0x00000230      0x110 Build/system_stm32f10x.o
 .debug_loc     0x00000340      0x20c Build/systick.o
 .debug_loc     0x0000054c      0x278 Build/gpio.o
 .debug_loc     0x000007c4      0x63c Build/stm32f10x_gpio.o
 .debug_loc     0x00000e00      0xb2c Build/stm32f10x_rcc.o

.debug_aranges  0x00000000      0x340
 .debug_aranges
                0x00000000       0x20 Build/main.o
 .debug_aranges
                0x00000020       0x60 Build/stm32f10x_it.o
 .debug_aranges
                0x00000080       0x38 Build/system_stm32f10x.o
 .debug_aranges
                0x000000b8       0x50 Build/systick.o
 .debug_aranges
                0x00000108       0x50 Build/gpio.o
 .debug_aranges
                0x00000158       0xa8 Build/stm32f10x_gpio.o
 .debug_aranges
                0x00000200      0x118 Build/stm32f10x_rcc.o
 .debug_aranges
                0x00000318       0x28 Build/startup_stm32f103xb.o

.debug_ranges   0x00000000      0x2c8
 .debug_ranges  0x00000000       0x10 Build/main.o
 .debug_ranges  0x00000010       0x50 Build/stm32f10x_it.o
 .debug_ranges  0x00000060       0x28 Build/system_stm32f10x.o
 .debug_ranges  0x00000088       0x40 Build/systick.o
 .debug_ranges  0x000000c8       0x40 Build/gpio.o
 .debug_ranges  0x00000108       0x98 Build/stm32f10x_gpio.o
 .debug_ranges  0x000001a0      0x108 Build/stm32f10x_rcc.o
 .debug_ranges  0x000002a8       0x20 Build/startup_stm32f103xb.o

.debug_line     0x00000000     0x18b8
 .debug_line    0x00000000      0x1a2 Build/main.o
 .debug_line    0x000001a2      0x1cd Build/stm32f10x_it.o
 .debug_line    0x0000036f      0x308 Build/system_stm32f10x.o
 .debug_line    0x00000677      0x2aa Build/systick.o
 .debug_line    0x00000921      0x270 Build/gpio.o
 .debug_line    0x00000b91      0x586 Build/stm32f10x_gpio.o
 .debug_line    0x00001117      0x721 Build/stm32f10x_rcc.o
 .debug_line    0x00001838       0x80 Build/startup_stm32f103xb.o

.debug_str      0x00000000      0xf3f
 .debug_str     0x00000000      0x1da Build/main.o
                                0x229 (size before relaxing)
 .debug_str     0x000001da       0xab Build/stm32f10x_it.o
                                0x202 (size before relaxing)
 .debug_str     0x00000285      0x15b Build/system_stm32f10x.o
                                0x2e7 (size before relaxing)
 .debug_str     0x000003e0      0x3d0 Build/systick.o
                                0x5e3 (size before relaxing)
 .debug_str     0x000007b0      0x124 Build/gpio.o
                                0x34e (size before relaxing)
 .debug_str     0x000008d4      0x25d Build/stm32f10x_gpio.o
                                0x532 (size before relaxing)
 .debug_str     0x00000b31      0x3de Build/stm32f10x_rcc.o
                                0x633 (size before relaxing)
 .debug_str     0x00000f0f       0x30 Build/startup_stm32f103xb.o
                                 0x60 (size before relaxing)

.comment        0x00000000       0x49
 .comment       0x00000000       0x49 Build/main.o
                                 0x4a (size before relaxing)
 .comment       0x00000049       0x4a Build/stm32f10x_it.o
 .comment       0x00000049       0x4a Build/system_stm32f10x.o
 .comment       0x00000049       0x4a Build/systick.o
 .comment       0x00000049       0x4a Build/gpio.o
 .comment       0x00000049       0x4a Build/stm32f10x_gpio.o
 .comment       0x00000049       0x4a Build/stm32f10x_rcc.o

.debug_frame    0x00000000      0xbf4
 .debug_frame   0x00000000       0x2c Build/main.o
 .debug_frame   0x0000002c      0x110 Build/stm32f10x_it.o
 .debug_frame   0x0000013c       0x98 Build/system_stm32f10x.o
 .debug_frame   0x000001d4      0x10c Build/systick.o
 .debug_frame   0x000002e0      0x124 Build/gpio.o
 .debug_frame   0x00000404      0x2d0 Build/stm32f10x_gpio.o
 .debug_frame   0x000006d4      0x4f4 Build/stm32f10x_rcc.o
 .debug_frame   0x00000bc8       0x2c c:/program files (x86)/gnu arm embedded toolchain/10 2021.10/bin/../lib/gcc/arm-none-eabi/10.3.1/../../../../arm-none-eabi/lib/thumb/v7-m/nofp\libc_nano.a(lib_a-init.o)

Cross Reference Table

Symbol                                            File
ADC1_2_IRQHandler                                 Build/startup_stm32f103xb.o
ADC_AnalogWatchdogCmd                             Build/stm32f10x_adc.o
ADC_AnalogWatchdogSingleChannelConfig             Build/stm32f10x_adc.o
ADC_AnalogWatchdogThresholdsConfig                Build/stm32f10x_adc.o
ADC_AutoInjectedConvCmd                           Build/stm32f10x_adc.o
ADC_ClearFlag                                     Build/stm32f10x_adc.o
ADC_ClearITPendingBit                             Build/stm32f10x_adc.o
ADC_Cmd                                           Build/stm32f10x_adc.o
ADC_DMACmd                                        Build/stm32f10x_adc.o
ADC_DeInit                                        Build/stm32f10x_adc.o
ADC_DiscModeChannelCountConfig                    Build/stm32f10x_adc.o
ADC_DiscModeCmd                                   Build/stm32f10x_adc.o
ADC_ExternalTrigConvCmd                           Build/stm32f10x_adc.o
ADC_ExternalTrigInjectedConvCmd                   Build/stm32f10x_adc.o
ADC_ExternalTrigInjectedConvConfig                Build/stm32f10x_adc.o
ADC_GetCalibrationStatus                          Build/stm32f10x_adc.o
ADC_GetConversionValue                            Build/stm32f10x_adc.o
ADC_GetDualModeConversionValue                    Build/stm32f10x_adc.o
ADC_GetFlagStatus                                 Build/stm32f10x_adc.o
ADC_GetITStatus                                   Build/stm32f10x_adc.o
ADC_GetInjectedConversionValue                    Build/stm32f10x_adc.o
ADC_GetResetCalibrationStatus                     Build/stm32f10x_adc.o
ADC_GetSoftwareStartConvStatus                    Build/stm32f10x_adc.o
ADC_GetSoftwareStartInjectedConvCmdStatus         Build/stm32f10x_adc.o
ADC_ITConfig                                      Build/stm32f10x_adc.o
ADC_Init                                          Build/stm32f10x_adc.o
ADC_InjectedChannelConfig                         Build/stm32f10x_adc.o
ADC_InjectedDiscModeCmd                           Build/stm32f10x_adc.o
ADC_InjectedSequencerLengthConfig                 Build/stm32f10x_adc.o
ADC_RegularChannelConfig                          Build/stm32f10x_adc.o
ADC_ResetCalibration                              Build/stm32f10x_adc.o
ADC_SetInjectedOffset                             Build/stm32f10x_adc.o
ADC_SoftwareStartConvCmd                          Build/stm32f10x_adc.o
ADC_SoftwareStartInjectedConvCmd                  Build/stm32f10x_adc.o
ADC_StartCalibration                              Build/stm32f10x_adc.o
ADC_StructInit                                    Build/stm32f10x_adc.o
ADC_TempSensorVrefintCmd                          Build/stm32f10x_adc.o
AHBPrescTable                                     Build/system_stm32f10x.o
BKP_ClearFlag                                     Build/stm32f10x_bkp.o
BKP_ClearITPendingBit                             Build/stm32f10x_bkp.o
BKP_DeInit                                        Build/stm32f10x_bkp.o
BKP_GetFlagStatus                                 Build/stm32f10x_bkp.o
BKP_GetITStatus                                   Build/stm32f10x_bkp.o
BKP_ITConfig                                      Build/stm32f10x_bkp.o
BKP_RTCOutputConfig                               Build/stm32f10x_bkp.o
BKP_ReadBackupRegister                            Build/stm32f10x_bkp.o
BKP_SetRTCCalibrationValue                        Build/stm32f10x_bkp.o
BKP_TamperPinCmd                                  Build/stm32f10x_bkp.o
BKP_TamperPinLevelConfig                          Build/stm32f10x_bkp.o
BKP_WriteBackupRegister                           Build/stm32f10x_bkp.o
BusFault_Handler                                  Build/stm32f10x_it.o
CAN1_RX1_IRQHandler                               Build/startup_stm32f103xb.o
CAN1_SCE_IRQHandler                               Build/startup_stm32f103xb.o
CAN_CancelTransmit                                Build/stm32f10x_can.o
CAN_ClearFlag                                     Build/stm32f10x_can.o
CAN_ClearITPendingBit                             Build/stm32f10x_can.o
CAN_DBGFreeze                                     Build/stm32f10x_can.o
CAN_DeInit                                        Build/stm32f10x_can.o
CAN_FIFORelease                                   Build/stm32f10x_can.o
CAN_FilterInit                                    Build/stm32f10x_can.o
CAN_GetFlagStatus                                 Build/stm32f10x_can.o
CAN_GetITStatus                                   Build/stm32f10x_can.o
CAN_GetLSBTransmitErrorCounter                    Build/stm32f10x_can.o
CAN_GetLastErrorCode                              Build/stm32f10x_can.o
CAN_GetReceiveErrorCounter                        Build/stm32f10x_can.o
CAN_ITConfig                                      Build/stm32f10x_can.o
CAN_Init                                          Build/stm32f10x_can.o
CAN_MessagePending                                Build/stm32f10x_can.o
CAN_OperatingModeRequest                          Build/stm32f10x_can.o
CAN_Receive                                       Build/stm32f10x_can.o
CAN_SlaveStartBank                                Build/stm32f10x_can.o
CAN_Sleep                                         Build/stm32f10x_can.o
CAN_StructInit                                    Build/stm32f10x_can.o
CAN_TTComModeCmd                                  Build/stm32f10x_can.o
CAN_Transmit                                      Build/stm32f10x_can.o
CAN_TransmitStatus                                Build/stm32f10x_can.o
CAN_WakeUp                                        Build/stm32f10x_can.o
CEC_ClearFlag                                     Build/stm32f10x_cec.o
CEC_ClearITPendingBit                             Build/stm32f10x_cec.o
CEC_Cmd                                           Build/stm32f10x_cec.o
CEC_DeInit                                        Build/stm32f10x_cec.o
CEC_EndOfMessageCmd                               Build/stm32f10x_cec.o
CEC_GetFlagStatus                                 Build/stm32f10x_cec.o
CEC_GetITStatus                                   Build/stm32f10x_cec.o
CEC_ITConfig                                      Build/stm32f10x_cec.o
CEC_Init                                          Build/stm32f10x_cec.o
CEC_OwnAddressConfig                              Build/stm32f10x_cec.o
CEC_ReceiveDataByte                               Build/stm32f10x_cec.o
CEC_SendDataByte                                  Build/stm32f10x_cec.o
CEC_SetPrescaler                                  Build/stm32f10x_cec.o
CEC_StartOfMessage                                Build/stm32f10x_cec.o
CRC_CalcBlockCRC                                  Build/stm32f10x_crc.o
CRC_CalcCRC                                       Build/stm32f10x_crc.o
CRC_GetCRC                                        Build/stm32f10x_crc.o
CRC_GetIDRegister                                 Build/stm32f10x_crc.o
CRC_ResetDR                                       Build/stm32f10x_crc.o
CRC_SetIDRegister                                 Build/stm32f10x_crc.o
DAC_Cmd                                           Build/stm32f10x_dac.o
DAC_DMACmd                                        Build/stm32f10x_dac.o
DAC_DeInit                                        Build/stm32f10x_dac.o
DAC_DualSoftwareTriggerCmd                        Build/stm32f10x_dac.o
DAC_GetDataOutputValue                            Build/stm32f10x_dac.o
DAC_Init                                          Build/stm32f10x_dac.o
DAC_SetChannel1Data                               Build/stm32f10x_dac.o
DAC_SetChannel2Data                               Build/stm32f10x_dac.o
DAC_SetDualChannelData                            Build/stm32f10x_dac.o
DAC_SoftwareTriggerCmd                            Build/stm32f10x_dac.o
DAC_StructInit                                    Build/stm32f10x_dac.o
DAC_WaveGenerationCmd                             Build/stm32f10x_dac.o
DBGMCU_Config                                     Build/stm32f10x_dbgmcu.o
DBGMCU_GetDEVID                                   Build/stm32f10x_dbgmcu.o
DBGMCU_GetREVID                                   Build/stm32f10x_dbgmcu.o
DMA1_Channel1_IRQHandler                          Build/startup_stm32f103xb.o
DMA1_Channel2_IRQHandler                          Build/startup_stm32f103xb.o
DMA1_Channel3_IRQHandler                          Build/startup_stm32f103xb.o
DMA1_Channel4_IRQHandler                          Build/startup_stm32f103xb.o
DMA1_Channel5_IRQHandler                          Build/startup_stm32f103xb.o
DMA1_Channel6_IRQHandler                          Build/startup_stm32f103xb.o
DMA1_Channel7_IRQHandler                          Build/startup_stm32f103xb.o
DMA_ClearFlag                                     Build/stm32f10x_dma.o
DMA_ClearITPendingBit                             Build/stm32f10x_dma.o
DMA_Cmd                                           Build/stm32f10x_dma.o
DMA_DeInit                                        Build/stm32f10x_dma.o
DMA_GetCurrDataCounter                            Build/stm32f10x_dma.o
DMA_GetFlagStatus                                 Build/stm32f10x_dma.o
DMA_GetITStatus                                   Build/stm32f10x_dma.o
DMA_ITConfig                                      Build/stm32f10x_dma.o
DMA_Init                                          Build/stm32f10x_dma.o
DMA_SetCurrDataCounter                            Build/stm32f10x_dma.o
DMA_StructInit                                    Build/stm32f10x_dma.o
DebugMon_Handler                                  Build/stm32f10x_it.o
Default_Handler                                   Build/startup_stm32f103xb.o
Delay_ms                                          Build/systick.o
                                                  Build/main.o
Delay_us                                          Build/systick.o
EXTI0_IRQHandler                                  Build/startup_stm32f103xb.o
EXTI15_10_IRQHandler                              Build/startup_stm32f103xb.o
EXTI1_IRQHandler                                  Build/startup_stm32f103xb.o
EXTI2_IRQHandler                                  Build/startup_stm32f103xb.o
EXTI3_IRQHandler                                  Build/startup_stm32f103xb.o
EXTI4_IRQHandler                                  Build/startup_stm32f103xb.o
EXTI9_5_IRQHandler                                Build/startup_stm32f103xb.o
EXTI_ClearFlag                                    Build/stm32f10x_exti.o
EXTI_ClearITPendingBit                            Build/stm32f10x_exti.o
EXTI_DeInit                                       Build/stm32f10x_exti.o
EXTI_GenerateSWInterrupt                          Build/stm32f10x_exti.o
EXTI_GetFlagStatus                                Build/stm32f10x_exti.o
EXTI_GetITStatus                                  Build/stm32f10x_exti.o
EXTI_Init                                         Build/stm32f10x_exti.o
EXTI_StructInit                                   Build/stm32f10x_exti.o
FLASH_ClearFlag                                   Build/stm32f10x_flash.o
FLASH_EnableWriteProtection                       Build/stm32f10x_flash.o
FLASH_EraseAllBank1Pages                          Build/stm32f10x_flash.o
FLASH_EraseAllPages                               Build/stm32f10x_flash.o
FLASH_EraseOptionBytes                            Build/stm32f10x_flash.o
FLASH_ErasePage                                   Build/stm32f10x_flash.o
FLASH_GetBank1Status                              Build/stm32f10x_flash.o
FLASH_GetFlagStatus                               Build/stm32f10x_flash.o
FLASH_GetPrefetchBufferStatus                     Build/stm32f10x_flash.o
FLASH_GetReadOutProtectionStatus                  Build/stm32f10x_flash.o
FLASH_GetStatus                                   Build/stm32f10x_flash.o
FLASH_GetUserOptionByte                           Build/stm32f10x_flash.o
FLASH_GetWriteProtectionOptionByte                Build/stm32f10x_flash.o
FLASH_HalfCycleAccessCmd                          Build/stm32f10x_flash.o
FLASH_IRQHandler                                  Build/startup_stm32f103xb.o
FLASH_ITConfig                                    Build/stm32f10x_flash.o
FLASH_Lock                                        Build/stm32f10x_flash.o
FLASH_LockBank1                                   Build/stm32f10x_flash.o
FLASH_PrefetchBufferCmd                           Build/stm32f10x_flash.o
FLASH_ProgramHalfWord                             Build/stm32f10x_flash.o
FLASH_ProgramOptionByteData                       Build/stm32f10x_flash.o
FLASH_ProgramWord                                 Build/stm32f10x_flash.o
FLASH_ReadOutProtection                           Build/stm32f10x_flash.o
FLASH_SetLatency                                  Build/stm32f10x_flash.o
FLASH_Unlock                                      Build/stm32f10x_flash.o
FLASH_UnlockBank1                                 Build/stm32f10x_flash.o
FLASH_UserOptionByteConfig                        Build/stm32f10x_flash.o
FLASH_WaitForLastBank1Operation                   Build/stm32f10x_flash.o
FLASH_WaitForLastOperation                        Build/stm32f10x_flash.o
FSMC_ClearFlag                                    Build/stm32f10x_fsmc.o
FSMC_ClearITPendingBit                            Build/stm32f10x_fsmc.o
FSMC_GetECC                                       Build/stm32f10x_fsmc.o
FSMC_GetFlagStatus                                Build/stm32f10x_fsmc.o
FSMC_GetITStatus                                  Build/stm32f10x_fsmc.o
FSMC_ITConfig                                     Build/stm32f10x_fsmc.o
FSMC_NANDCmd                                      Build/stm32f10x_fsmc.o
FSMC_NANDDeInit                                   Build/stm32f10x_fsmc.o
FSMC_NANDECCCmd                                   Build/stm32f10x_fsmc.o
FSMC_NANDInit                                     Build/stm32f10x_fsmc.o
FSMC_NANDStructInit                               Build/stm32f10x_fsmc.o
FSMC_NORSRAMCmd                                   Build/stm32f10x_fsmc.o
FSMC_NORSRAMDeInit                                Build/stm32f10x_fsmc.o
FSMC_NORSRAMInit                                  Build/stm32f10x_fsmc.o
FSMC_NORSRAMStructInit                            Build/stm32f10x_fsmc.o
FSMC_PCCARDCmd                                    Build/stm32f10x_fsmc.o
FSMC_PCCARDDeInit                                 Build/stm32f10x_fsmc.o
FSMC_PCCARDInit                                   Build/stm32f10x_fsmc.o
FSMC_PCCARDStructInit                             Build/stm32f10x_fsmc.o
GPIO_AFIODeInit                                   Build/stm32f10x_gpio.o
GPIO_Config                                       Build/gpio.o
                                                  Build/main.o
GPIO_DeInit                                       Build/stm32f10x_gpio.o
GPIO_Disable                                      Build/gpio.o
                                                  Build/main.o
GPIO_ETH_MediaInterfaceConfig                     Build/stm32f10x_gpio.o
GPIO_EXTILineConfig                               Build/stm32f10x_gpio.o
GPIO_Enable                                       Build/gpio.o
                                                  Build/main.o
GPIO_EventOutputCmd                               Build/stm32f10x_gpio.o
GPIO_EventOutputConfig                            Build/stm32f10x_gpio.o
GPIO_Init                                         Build/stm32f10x_gpio.o
                                                  Build/gpio.o
GPIO_Lock                                         Build/gpio.o
GPIO_PinLockConfig                                Build/stm32f10x_gpio.o
GPIO_PinRemapConfig                               Build/stm32f10x_gpio.o
GPIO_Read                                         Build/gpio.o
GPIO_ReadInputData                                Build/stm32f10x_gpio.o
GPIO_ReadInputDataBit                             Build/stm32f10x_gpio.o
GPIO_ReadOutputData                               Build/stm32f10x_gpio.o
GPIO_ReadOutputDataBit                            Build/stm32f10x_gpio.o
GPIO_ResetBits                                    Build/stm32f10x_gpio.o
GPIO_SetBits                                      Build/stm32f10x_gpio.o
GPIO_StructInit                                   Build/stm32f10x_gpio.o
GPIO_TogglePin                                    Build/gpio.o
GPIO_Write                                        Build/stm32f10x_gpio.o
GPIO_WriteBit                                     Build/stm32f10x_gpio.o
GPIO_Write_Pin                                    Build/gpio.o
HardFault_Handler                                 Build/stm32f10x_it.o
I2C1_ER_IRQHandler                                Build/startup_stm32f103xb.o
I2C1_EV_IRQHandler                                Build/startup_stm32f103xb.o
I2C2_ER_IRQHandler                                Build/startup_stm32f103xb.o
I2C2_EV_IRQHandler                                Build/startup_stm32f103xb.o
I2C_ARPCmd                                        Build/stm32f10x_i2c.o
I2C_AcknowledgeConfig                             Build/stm32f10x_i2c.o
I2C_CalculatePEC                                  Build/stm32f10x_i2c.o
I2C_CheckEvent                                    Build/stm32f10x_i2c.o
I2C_ClearFlag                                     Build/stm32f10x_i2c.o
I2C_ClearITPendingBit                             Build/stm32f10x_i2c.o
I2C_Cmd                                           Build/stm32f10x_i2c.o
I2C_DMACmd                                        Build/stm32f10x_i2c.o
I2C_DMALastTransferCmd                            Build/stm32f10x_i2c.o
I2C_DeInit                                        Build/stm32f10x_i2c.o
I2C_DualAddressCmd                                Build/stm32f10x_i2c.o
I2C_FastModeDutyCycleConfig                       Build/stm32f10x_i2c.o
I2C_GeneralCallCmd                                Build/stm32f10x_i2c.o
I2C_GenerateSTART                                 Build/stm32f10x_i2c.o
I2C_GenerateSTOP                                  Build/stm32f10x_i2c.o
I2C_GetFlagStatus                                 Build/stm32f10x_i2c.o
I2C_GetITStatus                                   Build/stm32f10x_i2c.o
I2C_GetLastEvent                                  Build/stm32f10x_i2c.o
I2C_GetPEC                                        Build/stm32f10x_i2c.o
I2C_ITConfig                                      Build/stm32f10x_i2c.o
I2C_Init                                          Build/stm32f10x_i2c.o
I2C_NACKPositionConfig                            Build/stm32f10x_i2c.o
I2C_OwnAddress2Config                             Build/stm32f10x_i2c.o
I2C_PECPositionConfig                             Build/stm32f10x_i2c.o
I2C_ReadRegister                                  Build/stm32f10x_i2c.o
I2C_ReceiveData                                   Build/stm32f10x_i2c.o
I2C_SMBusAlertConfig                              Build/stm32f10x_i2c.o
I2C_Send7bitAddress                               Build/stm32f10x_i2c.o
I2C_SendData                                      Build/stm32f10x_i2c.o
I2C_SoftwareResetCmd                              Build/stm32f10x_i2c.o
I2C_StretchClockCmd                               Build/stm32f10x_i2c.o
I2C_StructInit                                    Build/stm32f10x_i2c.o
I2C_TransmitPEC                                   Build/stm32f10x_i2c.o
I2S_Cmd                                           Build/stm32f10x_spi.o
I2S_Init                                          Build/stm32f10x_spi.o
I2S_StructInit                                    Build/stm32f10x_spi.o
IWDG_Enable                                       Build/stm32f10x_iwdg.o
IWDG_GetFlagStatus                                Build/stm32f10x_iwdg.o
IWDG_ReloadCounter                                Build/stm32f10x_iwdg.o
IWDG_SetPrescaler                                 Build/stm32f10x_iwdg.o
IWDG_SetReload                                    Build/stm32f10x_iwdg.o
IWDG_WriteAccessCmd                               Build/stm32f10x_iwdg.o
MemManage_Handler                                 Build/stm32f10x_it.o
Micros                                            Build/systick.o
Millis                                            Build/systick.o
NMI_Handler                                       Build/stm32f10x_it.o
NVIC_Init                                         Build/misc.o
NVIC_PriorityGroupConfig                          Build/misc.o
NVIC_SetVectorTable                               Build/misc.o
NVIC_SystemLPConfig                               Build/misc.o
PVD_IRQHandler                                    Build/startup_stm32f103xb.o
PWR_BackupAccessCmd                               Build/stm32f10x_pwr.o
PWR_ClearFlag                                     Build/stm32f10x_pwr.o
PWR_DeInit                                        Build/stm32f10x_pwr.o
PWR_EnterSTANDBYMode                              Build/stm32f10x_pwr.o
PWR_EnterSTOPMode                                 Build/stm32f10x_pwr.o
PWR_GetFlagStatus                                 Build/stm32f10x_pwr.o
PWR_PVDCmd                                        Build/stm32f10x_pwr.o
PWR_PVDLevelConfig                                Build/stm32f10x_pwr.o
PWR_WakeUpPinCmd                                  Build/stm32f10x_pwr.o
PendSV_Handler                                    Build/stm32f10x_it.o
RCC_ADCCLKConfig                                  Build/stm32f10x_rcc.o
RCC_AHBPeriphClockCmd                             Build/stm32f10x_rcc.o
RCC_APB1PeriphClockCmd                            Build/stm32f10x_rcc.o
RCC_APB1PeriphResetCmd                            Build/stm32f10x_rcc.o
                                                  Build/stm32f10x_wwdg.o
                                                  Build/stm32f10x_usart.o
                                                  Build/stm32f10x_tim.o
                                                  Build/stm32f10x_spi.o
                                                  Build/stm32f10x_pwr.o
                                                  Build/stm32f10x_i2c.o
                                                  Build/stm32f10x_dac.o
                                                  Build/stm32f10x_cec.o
                                                  Build/stm32f10x_can.o
RCC_APB2PeriphClockCmd                            Build/stm32f10x_rcc.o
                                                  Build/gpio.o
RCC_APB2PeriphResetCmd                            Build/stm32f10x_rcc.o
                                                  Build/stm32f10x_usart.o
                                                  Build/stm32f10x_tim.o
                                                  Build/stm32f10x_spi.o
                                                  Build/stm32f10x_gpio.o
                                                  Build/stm32f10x_adc.o
RCC_AdjustHSICalibrationValue                     Build/stm32f10x_rcc.o
RCC_BackupResetCmd                                Build/stm32f10x_rcc.o
                                                  Build/stm32f10x_bkp.o
RCC_ClearFlag                                     Build/stm32f10x_rcc.o
RCC_ClearITPendingBit                             Build/stm32f10x_rcc.o
RCC_ClockSecuritySystemCmd                        Build/stm32f10x_rcc.o
RCC_DeInit                                        Build/stm32f10x_rcc.o
RCC_GetClocksFreq                                 Build/stm32f10x_rcc.o
                                                  Build/stm32f10x_usart.o
                                                  Build/stm32f10x_spi.o
                                                  Build/stm32f10x_i2c.o
RCC_GetFlagStatus                                 Build/stm32f10x_rcc.o
RCC_GetITStatus                                   Build/stm32f10x_rcc.o
RCC_GetSYSCLKSource                               Build/stm32f10x_rcc.o
RCC_HCLKConfig                                    Build/stm32f10x_rcc.o
RCC_HSEConfig                                     Build/stm32f10x_rcc.o
RCC_HSICmd                                        Build/stm32f10x_rcc.o
RCC_IRQHandler                                    Build/startup_stm32f103xb.o
RCC_ITConfig                                      Build/stm32f10x_rcc.o
RCC_LSEConfig                                     Build/stm32f10x_rcc.o
RCC_LSICmd                                        Build/stm32f10x_rcc.o
RCC_MCOConfig                                     Build/stm32f10x_rcc.o
RCC_PCLK1Config                                   Build/stm32f10x_rcc.o
RCC_PCLK2Config                                   Build/stm32f10x_rcc.o
RCC_PLLCmd                                        Build/stm32f10x_rcc.o
RCC_PLLConfig                                     Build/stm32f10x_rcc.o
RCC_RTCCLKCmd                                     Build/stm32f10x_rcc.o
RCC_RTCCLKConfig                                  Build/stm32f10x_rcc.o
RCC_SYSCLKConfig                                  Build/stm32f10x_rcc.o
RCC_USBCLKConfig                                  Build/stm32f10x_rcc.o
RCC_WaitForHSEStartUp                             Build/stm32f10x_rcc.o
RTC_Alarm_IRQHandler                              Build/startup_stm32f103xb.o
RTC_ClearFlag                                     Build/stm32f10x_rtc.o
RTC_ClearITPendingBit                             Build/stm32f10x_rtc.o
RTC_EnterConfigMode                               Build/stm32f10x_rtc.o
RTC_ExitConfigMode                                Build/stm32f10x_rtc.o
RTC_GetCounter                                    Build/stm32f10x_rtc.o
RTC_GetDivider                                    Build/stm32f10x_rtc.o
RTC_GetFlagStatus                                 Build/stm32f10x_rtc.o
RTC_GetITStatus                                   Build/stm32f10x_rtc.o
RTC_IRQHandler                                    Build/startup_stm32f103xb.o
RTC_ITConfig                                      Build/stm32f10x_rtc.o
RTC_SetAlarm                                      Build/stm32f10x_rtc.o
RTC_SetCounter                                    Build/stm32f10x_rtc.o
RTC_SetPrescaler                                  Build/stm32f10x_rtc.o
RTC_WaitForLastTask                               Build/stm32f10x_rtc.o
RTC_WaitForSynchro                                Build/stm32f10x_rtc.o
Reset_Handler                                     Build/startup_stm32f103xb.o
SDIO_CEATAITCmd                                   Build/stm32f10x_sdio.o
SDIO_ClearFlag                                    Build/stm32f10x_sdio.o
SDIO_ClearITPendingBit                            Build/stm32f10x_sdio.o
SDIO_ClockCmd                                     Build/stm32f10x_sdio.o
SDIO_CmdStructInit                                Build/stm32f10x_sdio.o
SDIO_CommandCompletionCmd                         Build/stm32f10x_sdio.o
SDIO_DMACmd                                       Build/stm32f10x_sdio.o
SDIO_DataConfig                                   Build/stm32f10x_sdio.o
SDIO_DataStructInit                               Build/stm32f10x_sdio.o
SDIO_DeInit                                       Build/stm32f10x_sdio.o
SDIO_GetCommandResponse                           Build/stm32f10x_sdio.o
SDIO_GetDataCounter                               Build/stm32f10x_sdio.o
SDIO_GetFIFOCount                                 Build/stm32f10x_sdio.o
SDIO_GetFlagStatus                                Build/stm32f10x_sdio.o
SDIO_GetITStatus                                  Build/stm32f10x_sdio.o
SDIO_GetPowerState                                Build/stm32f10x_sdio.o
SDIO_GetResponse                                  Build/stm32f10x_sdio.o
SDIO_ITConfig                                     Build/stm32f10x_sdio.o
SDIO_Init                                         Build/stm32f10x_sdio.o
SDIO_ReadData                                     Build/stm32f10x_sdio.o
SDIO_SendCEATACmd                                 Build/stm32f10x_sdio.o
SDIO_SendCommand                                  Build/stm32f10x_sdio.o
SDIO_SendSDIOSuspendCmd                           Build/stm32f10x_sdio.o
SDIO_SetPowerState                                Build/stm32f10x_sdio.o
SDIO_SetSDIOOperation                             Build/stm32f10x_sdio.o
SDIO_SetSDIOReadWaitMode                          Build/stm32f10x_sdio.o
SDIO_StartSDIOReadWait                            Build/stm32f10x_sdio.o
SDIO_StopSDIOReadWait                             Build/stm32f10x_sdio.o
SDIO_StructInit                                   Build/stm32f10x_sdio.o
SDIO_WriteData                                    Build/stm32f10x_sdio.o
SPI1_IRQHandler                                   Build/startup_stm32f103xb.o
SPI2_IRQHandler                                   Build/startup_stm32f103xb.o
SPI_BiDirectionalLineConfig                       Build/stm32f10x_spi.o
SPI_CalculateCRC                                  Build/stm32f10x_spi.o
SPI_Cmd                                           Build/stm32f10x_spi.o
SPI_DataSizeConfig                                Build/stm32f10x_spi.o
SPI_GetCRC                                        Build/stm32f10x_spi.o
SPI_GetCRCPolynomial                              Build/stm32f10x_spi.o
SPI_I2S_ClearFlag                                 Build/stm32f10x_spi.o
SPI_I2S_ClearITPendingBit                         Build/stm32f10x_spi.o
SPI_I2S_DMACmd                                    Build/stm32f10x_spi.o
SPI_I2S_DeInit                                    Build/stm32f10x_spi.o
SPI_I2S_GetFlagStatus                             Build/stm32f10x_spi.o
SPI_I2S_GetITStatus                               Build/stm32f10x_spi.o
SPI_I2S_ITConfig                                  Build/stm32f10x_spi.o
SPI_I2S_ReceiveData                               Build/stm32f10x_spi.o
SPI_I2S_SendData                                  Build/stm32f10x_spi.o
SPI_Init                                          Build/stm32f10x_spi.o
SPI_NSSInternalSoftwareConfig                     Build/stm32f10x_spi.o
SPI_SSOutputCmd                                   Build/stm32f10x_spi.o
SPI_StructInit                                    Build/stm32f10x_spi.o
SPI_TransmitCRC                                   Build/stm32f10x_spi.o
SVC_Handler                                       Build/stm32f10x_it.o
SysTick_CLKSourceConfig                           Build/misc.o
SysTick_Handler                                   Build/stm32f10x_it.o
SysTick_Init                                      Build/systick.o
                                                  Build/main.o
SystemCoreClock                                   Build/system_stm32f10x.o
                                                  Build/systick.o
SystemCoreClockUpdate                             Build/system_stm32f10x.o
SystemInit                                        Build/system_stm32f10x.o
                                                  Build/startup_stm32f103xb.o
                                                  Build/main.o
TAMPER_IRQHandler                                 Build/startup_stm32f103xb.o
TIM1_BRK_IRQHandler                               Build/startup_stm32f103xb.o
TIM1_CC_IRQHandler                                Build/startup_stm32f103xb.o
TIM1_TRG_COM_IRQHandler                           Build/startup_stm32f103xb.o
TIM1_UP_IRQHandler                                Build/startup_stm32f103xb.o
TIM2_IRQHandler                                   Build/startup_stm32f103xb.o
TIM3_IRQHandler                                   Build/startup_stm32f103xb.o
TIM4_IRQHandler                                   Build/startup_stm32f103xb.o
TIM_ARRPreloadConfig                              Build/stm32f10x_tim.o
TIM_BDTRConfig                                    Build/stm32f10x_tim.o
TIM_BDTRStructInit                                Build/stm32f10x_tim.o
TIM_CCPreloadControl                              Build/stm32f10x_tim.o
TIM_CCxCmd                                        Build/stm32f10x_tim.o
TIM_CCxNCmd                                       Build/stm32f10x_tim.o
TIM_ClearFlag                                     Build/stm32f10x_tim.o
TIM_ClearITPendingBit                             Build/stm32f10x_tim.o
TIM_ClearOC1Ref                                   Build/stm32f10x_tim.o
TIM_ClearOC2Ref                                   Build/stm32f10x_tim.o
TIM_ClearOC3Ref                                   Build/stm32f10x_tim.o
TIM_ClearOC4Ref                                   Build/stm32f10x_tim.o
TIM_Cmd                                           Build/stm32f10x_tim.o
TIM_CounterModeConfig                             Build/stm32f10x_tim.o
TIM_CtrlPWMOutputs                                Build/stm32f10x_tim.o
TIM_DMACmd                                        Build/stm32f10x_tim.o
TIM_DMAConfig                                     Build/stm32f10x_tim.o
TIM_DeInit                                        Build/stm32f10x_tim.o
TIM_ETRClockMode1Config                           Build/stm32f10x_tim.o
TIM_ETRClockMode2Config                           Build/stm32f10x_tim.o
TIM_ETRConfig                                     Build/stm32f10x_tim.o
TIM_EncoderInterfaceConfig                        Build/stm32f10x_tim.o
TIM_ForcedOC1Config                               Build/stm32f10x_tim.o
TIM_ForcedOC2Config                               Build/stm32f10x_tim.o
TIM_ForcedOC3Config                               Build/stm32f10x_tim.o
TIM_ForcedOC4Config                               Build/stm32f10x_tim.o
TIM_GenerateEvent                                 Build/stm32f10x_tim.o
TIM_GetCapture1                                   Build/stm32f10x_tim.o
TIM_GetCapture2                                   Build/stm32f10x_tim.o
TIM_GetCapture3                                   Build/stm32f10x_tim.o
TIM_GetCapture4                                   Build/stm32f10x_tim.o
TIM_GetCounter                                    Build/stm32f10x_tim.o
TIM_GetFlagStatus                                 Build/stm32f10x_tim.o
TIM_GetITStatus                                   Build/stm32f10x_tim.o
TIM_GetPrescaler                                  Build/stm32f10x_tim.o
TIM_ICInit                                        Build/stm32f10x_tim.o
TIM_ICStructInit                                  Build/stm32f10x_tim.o
TIM_ITConfig                                      Build/stm32f10x_tim.o
TIM_ITRxExternalClockConfig                       Build/stm32f10x_tim.o
TIM_InternalClockConfig                           Build/stm32f10x_tim.o
TIM_OC1FastConfig                                 Build/stm32f10x_tim.o
TIM_OC1Init                                       Build/stm32f10x_tim.o
TIM_OC1NPolarityConfig                            Build/stm32f10x_tim.o
TIM_OC1PolarityConfig                             Build/stm32f10x_tim.o
TIM_OC1PreloadConfig                              Build/stm32f10x_tim.o
TIM_OC2FastConfig                                 Build/stm32f10x_tim.o
TIM_OC2Init                                       Build/stm32f10x_tim.o
TIM_OC2NPolarityConfig                            Build/stm32f10x_tim.o
TIM_OC2PolarityConfig                             Build/stm32f10x_tim.o
TIM_OC2PreloadConfig                              Build/stm32f10x_tim.o
TIM_OC3FastConfig                                 Build/stm32f10x_tim.o
TIM_OC3Init                                       Build/stm32f10x_tim.o
TIM_OC3NPolarityConfig                            Build/stm32f10x_tim.o
TIM_OC3PolarityConfig                             Build/stm32f10x_tim.o
TIM_OC3PreloadConfig                              Build/stm32f10x_tim.o
TIM_OC4FastConfig                                 Build/stm32f10x_tim.o
TIM_OC4Init                                       Build/stm32f10x_tim.o
TIM_OC4PolarityConfig                             Build/stm32f10x_tim.o
TIM_OC4PreloadConfig                              Build/stm32f10x_tim.o
TIM_OCStructInit                                  Build/stm32f10x_tim.o
TIM_PWMIConfig                                    Build/stm32f10x_tim.o
TIM_PrescalerConfig                               Build/stm32f10x_tim.o
TIM_SelectCCDMA                                   Build/stm32f10x_tim.o
TIM_SelectCOM                                     Build/stm32f10x_tim.o
TIM_SelectHallSensor                              Build/stm32f10x_tim.o
TIM_SelectInputTrigger                            Build/stm32f10x_tim.o
TIM_SelectMasterSlaveMode                         Build/stm32f10x_tim.o
TIM_SelectOCxM                                    Build/stm32f10x_tim.o
TIM_SelectOnePulseMode                            Build/stm32f10x_tim.o
TIM_SelectOutputTrigger                           Build/stm32f10x_tim.o
TIM_SelectSlaveMode                               Build/stm32f10x_tim.o
TIM_SetAutoreload                                 Build/stm32f10x_tim.o
TIM_SetClockDivision                              Build/stm32f10x_tim.o
TIM_SetCompare1                                   Build/stm32f10x_tim.o
TIM_SetCompare2                                   Build/stm32f10x_tim.o
TIM_SetCompare3                                   Build/stm32f10x_tim.o
TIM_SetCompare4                                   Build/stm32f10x_tim.o
TIM_SetCounter                                    Build/stm32f10x_tim.o
TIM_SetIC1Prescaler                               Build/stm32f10x_tim.o
TIM_SetIC2Prescaler                               Build/stm32f10x_tim.o
TIM_SetIC3Prescaler                               Build/stm32f10x_tim.o
TIM_SetIC4Prescaler                               Build/stm32f10x_tim.o
TIM_TIxExternalClockConfig                        Build/stm32f10x_tim.o
TIM_TimeBaseInit                                  Build/stm32f10x_tim.o
TIM_TimeBaseStructInit                            Build/stm32f10x_tim.o
TIM_UpdateDisableConfig                           Build/stm32f10x_tim.o
TIM_UpdateRequestConfig                           Build/stm32f10x_tim.o
Timing                                            Build/systick.o
                                                  Build/stm32f10x_it.o
USART1_IRQHandler                                 Build/startup_stm32f103xb.o
USART2_IRQHandler                                 Build/startup_stm32f103xb.o
USART3_IRQHandler                                 Build/startup_stm32f103xb.o
USART_ClearFlag                                   Build/stm32f10x_usart.o
USART_ClearITPendingBit                           Build/stm32f10x_usart.o
USART_ClockInit                                   Build/stm32f10x_usart.o
USART_ClockStructInit                             Build/stm32f10x_usart.o
USART_Cmd                                         Build/stm32f10x_usart.o
USART_DMACmd                                      Build/stm32f10x_usart.o
USART_DeInit                                      Build/stm32f10x_usart.o
USART_GetFlagStatus                               Build/stm32f10x_usart.o
USART_GetITStatus                                 Build/stm32f10x_usart.o
USART_HalfDuplexCmd                               Build/stm32f10x_usart.o
USART_ITConfig                                    Build/stm32f10x_usart.o
USART_Init                                        Build/stm32f10x_usart.o
USART_IrDACmd                                     Build/stm32f10x_usart.o
USART_IrDAConfig                                  Build/stm32f10x_usart.o
USART_LINBreakDetectLengthConfig                  Build/stm32f10x_usart.o
USART_LINCmd                                      Build/stm32f10x_usart.o
USART_OneBitMethodCmd                             Build/stm32f10x_usart.o
USART_OverSampling8Cmd                            Build/stm32f10x_usart.o
USART_ReceiveData                                 Build/stm32f10x_usart.o
USART_ReceiverWakeUpCmd                           Build/stm32f10x_usart.o
USART_SendBreak                                   Build/stm32f10x_usart.o
USART_SendData                                    Build/stm32f10x_usart.o
USART_SetAddress                                  Build/stm32f10x_usart.o
USART_SetGuardTime                                Build/stm32f10x_usart.o
USART_SetPrescaler                                Build/stm32f10x_usart.o
USART_SmartCardCmd                                Build/stm32f10x_usart.o
USART_SmartCardNACKCmd                            Build/stm32f10x_usart.o
USART_StructInit                                  Build/stm32f10x_usart.o
USART_WakeUpConfig                                Build/stm32f10x_usart.o
USBWakeUp_IRQHandler                              Build/startup_stm32f103xb.o
USB_HP_CAN1_TX_IRQHandler                         Build/startup_stm32f103xb.o
USB_LP_CAN1_RX0_IRQHandler                        Build/startup_stm32f103xb.o
UsageFault_Handler                                Build/stm32f10x_it.o
WWDG_ClearFlag                                    Build/stm32f10x_wwdg.o
WWDG_DeInit                                       Build/stm32f10x_wwdg.o
WWDG_Enable                                       Build/stm32f10x_wwdg.o
WWDG_EnableIT                                     Build/stm32f10x_wwdg.o
WWDG_GetFlagStatus                                Build/stm32f10x_wwdg.o
WWDG_IRQHandler                                   Build/startup_stm32f103xb.o
WWDG_SetCounter                                   Build/stm32f10x_wwdg.o
WWDG_SetPrescaler                                 Build/stm32f10x_wwdg.o
WWDG_SetWindowValue                               Build/stm32f10x_wwdg.o
__aeabi_idiv0                                     c:/program files (x86)/gnu arm embedded toolchain/10 2021.10/bin/../lib/gcc/arm-none-eabi/10.3.1/thumb/v7-m/nofp\libgcc.a(_dvmd_tls.o)
__aeabi_ldiv0                                     c:/program files (x86)/gnu arm embedded toolchain/10 2021.10/bin/../lib/gcc/arm-none-eabi/10.3.1/thumb/v7-m/nofp\libgcc.a(_dvmd_tls.o)
                                                  c:/program files (x86)/gnu arm embedded toolchain/10 2021.10/bin/../lib/gcc/arm-none-eabi/10.3.1/thumb/v7-m/nofp\libgcc.a(_aeabi_uldivmod.o)
__aeabi_uldivmod                                  c:/program files (x86)/gnu arm embedded toolchain/10 2021.10/bin/../lib/gcc/arm-none-eabi/10.3.1/thumb/v7-m/nofp\libgcc.a(_aeabi_uldivmod.o)
                                                  Build/systick.o
__bss_end__                                       c:/program files (x86)/gnu arm embedded toolchain/10 2021.10/bin/../lib/gcc/arm-none-eabi/10.3.1/../../../../arm-none-eabi/lib/thumb/v7-m/nofp/crt0.o
__bss_start__                                     c:/program files (x86)/gnu arm embedded toolchain/10 2021.10/bin/../lib/gcc/arm-none-eabi/10.3.1/../../../../arm-none-eabi/lib/thumb/v7-m/nofp/crt0.o
__call_exitprocs                                  c:/program files (x86)/gnu arm embedded toolchain/10 2021.10/bin/../lib/gcc/arm-none-eabi/10.3.1/../../../../arm-none-eabi/lib/thumb/v7-m/nofp\libc_nano.a(lib_a-exit.o)
__deregister_frame_info                           c:/program files (x86)/gnu arm embedded toolchain/10 2021.10/bin/../lib/gcc/arm-none-eabi/10.3.1/thumb/v7-m/nofp/crtbegin.o
__dso_handle                                      c:/program files (x86)/gnu arm embedded toolchain/10 2021.10/bin/../lib/gcc/arm-none-eabi/10.3.1/thumb/v7-m/nofp/crtbegin.o
__init_array_end                                  c:/program files (x86)/gnu arm embedded toolchain/10 2021.10/bin/../lib/gcc/arm-none-eabi/10.3.1/../../../../arm-none-eabi/lib/thumb/v7-m/nofp\libc_nano.a(lib_a-init.o)
__init_array_start                                c:/program files (x86)/gnu arm embedded toolchain/10 2021.10/bin/../lib/gcc/arm-none-eabi/10.3.1/../../../../arm-none-eabi/lib/thumb/v7-m/nofp\libc_nano.a(lib_a-init.o)
__libc_fini_array                                 c:/program files (x86)/gnu arm embedded toolchain/10 2021.10/bin/../lib/gcc/arm-none-eabi/10.3.1/../../../../arm-none-eabi/lib/thumb/v7-m/nofp/crt0.o
__libc_init_array                                 c:/program files (x86)/gnu arm embedded toolchain/10 2021.10/bin/../lib/gcc/arm-none-eabi/10.3.1/../../../../arm-none-eabi/lib/thumb/v7-m/nofp\libc_nano.a(lib_a-init.o)
                                                  Build/startup_stm32f103xb.o
                                                  c:/program files (x86)/gnu arm embedded toolchain/10 2021.10/bin/../lib/gcc/arm-none-eabi/10.3.1/../../../../arm-none-eabi/lib/thumb/v7-m/nofp/crt0.o
__preinit_array_end                               c:/program files (x86)/gnu arm embedded toolchain/10 2021.10/bin/../lib/gcc/arm-none-eabi/10.3.1/../../../../arm-none-eabi/lib/thumb/v7-m/nofp\libc_nano.a(lib_a-init.o)
__preinit_array_start                             c:/program files (x86)/gnu arm embedded toolchain/10 2021.10/bin/../lib/gcc/arm-none-eabi/10.3.1/../../../../arm-none-eabi/lib/thumb/v7-m/nofp\libc_nano.a(lib_a-init.o)
__register_frame_info                             c:/program files (x86)/gnu arm embedded toolchain/10 2021.10/bin/../lib/gcc/arm-none-eabi/10.3.1/thumb/v7-m/nofp/crtbegin.o
__sf_fake_stderr                                  c:/program files (x86)/gnu arm embedded toolchain/10 2021.10/bin/../lib/gcc/arm-none-eabi/10.3.1/../../../../arm-none-eabi/lib/thumb/v7-m/nofp\libc_nano.a(lib_a-impure.o)
__sf_fake_stdin                                   c:/program files (x86)/gnu arm embedded toolchain/10 2021.10/bin/../lib/gcc/arm-none-eabi/10.3.1/../../../../arm-none-eabi/lib/thumb/v7-m/nofp\libc_nano.a(lib_a-impure.o)
__sf_fake_stdout                                  c:/program files (x86)/gnu arm embedded toolchain/10 2021.10/bin/../lib/gcc/arm-none-eabi/10.3.1/../../../../arm-none-eabi/lib/thumb/v7-m/nofp\libc_nano.a(lib_a-impure.o)
__stack                                           c:/program files (x86)/gnu arm embedded toolchain/10 2021.10/bin/../lib/gcc/arm-none-eabi/10.3.1/../../../../arm-none-eabi/lib/thumb/v7-m/nofp/crt0.o
__udivmoddi4                                      c:/program files (x86)/gnu arm embedded toolchain/10 2021.10/bin/../lib/gcc/arm-none-eabi/10.3.1/thumb/v7-m/nofp\libgcc.a(_udivmoddi4.o)
                                                  c:/program files (x86)/gnu arm embedded toolchain/10 2021.10/bin/../lib/gcc/arm-none-eabi/10.3.1/thumb/v7-m/nofp\libgcc.a(_aeabi_uldivmod.o)
_ebss                                             Build/startup_stm32f103xb.o
_edata                                            Build/startup_stm32f103xb.o
_estack                                           Build/startup_stm32f103xb.o
_exit                                             c:/program files (x86)/gnu arm embedded toolchain/10 2021.10/bin/../lib/gcc/arm-none-eabi/10.3.1/../../../../arm-none-eabi/lib/thumb/v7-m/nofp\libnosys.a(_exit.o)
                                                  c:/program files (x86)/gnu arm embedded toolchain/10 2021.10/bin/../lib/gcc/arm-none-eabi/10.3.1/../../../../arm-none-eabi/lib/thumb/v7-m/nofp\libc_nano.a(lib_a-exit.o)
_fini                                             c:/program files (x86)/gnu arm embedded toolchain/10 2021.10/bin/../lib/gcc/arm-none-eabi/10.3.1/thumb/v7-m/nofp/crti.o
_global_impure_ptr                                c:/program files (x86)/gnu arm embedded toolchain/10 2021.10/bin/../lib/gcc/arm-none-eabi/10.3.1/../../../../arm-none-eabi/lib/thumb/v7-m/nofp\libc_nano.a(lib_a-impure.o)
                                                  c:/program files (x86)/gnu arm embedded toolchain/10 2021.10/bin/../lib/gcc/arm-none-eabi/10.3.1/../../../../arm-none-eabi/lib/thumb/v7-m/nofp\libc_nano.a(lib_a-exit.o)
_impure_ptr                                       c:/program files (x86)/gnu arm embedded toolchain/10 2021.10/bin/../lib/gcc/arm-none-eabi/10.3.1/../../../../arm-none-eabi/lib/thumb/v7-m/nofp\libc_nano.a(lib_a-impure.o)
_init                                             c:/program files (x86)/gnu arm embedded toolchain/10 2021.10/bin/../lib/gcc/arm-none-eabi/10.3.1/thumb/v7-m/nofp/crti.o
                                                  c:/program files (x86)/gnu arm embedded toolchain/10 2021.10/bin/../lib/gcc/arm-none-eabi/10.3.1/../../../../arm-none-eabi/lib/thumb/v7-m/nofp\libc_nano.a(lib_a-init.o)
_mainCRTStartup                                   c:/program files (x86)/gnu arm embedded toolchain/10 2021.10/bin/../lib/gcc/arm-none-eabi/10.3.1/../../../../arm-none-eabi/lib/thumb/v7-m/nofp/crt0.o
_sbss                                             Build/startup_stm32f103xb.o
_sdata                                            Build/startup_stm32f103xb.o
_sidata                                           Build/startup_stm32f103xb.o
_stack_init                                       c:/program files (x86)/gnu arm embedded toolchain/10 2021.10/bin/../lib/gcc/arm-none-eabi/10.3.1/../../../../arm-none-eabi/lib/thumb/v7-m/nofp/crt0.o
_start                                            c:/program files (x86)/gnu arm embedded toolchain/10 2021.10/bin/../lib/gcc/arm-none-eabi/10.3.1/../../../../arm-none-eabi/lib/thumb/v7-m/nofp/crt0.o
atexit                                            c:/program files (x86)/gnu arm embedded toolchain/10 2021.10/bin/../lib/gcc/arm-none-eabi/10.3.1/../../../../arm-none-eabi/lib/thumb/v7-m/nofp/crt0.o
exit                                              c:/program files (x86)/gnu arm embedded toolchain/10 2021.10/bin/../lib/gcc/arm-none-eabi/10.3.1/../../../../arm-none-eabi/lib/thumb/v7-m/nofp\libc_nano.a(lib_a-exit.o)
                                                  c:/program files (x86)/gnu arm embedded toolchain/10 2021.10/bin/../lib/gcc/arm-none-eabi/10.3.1/../../../../arm-none-eabi/lib/thumb/v7-m/nofp/crt0.o
g_pfnVectors                                      Build/startup_stm32f103xb.o
hardware_init_hook                                c:/program files (x86)/gnu arm embedded toolchain/10 2021.10/bin/../lib/gcc/arm-none-eabi/10.3.1/../../../../arm-none-eabi/lib/thumb/v7-m/nofp/crt0.o
main                                              Build/main.o
                                                  Build/startup_stm32f103xb.o
                                                  c:/program files (x86)/gnu arm embedded toolchain/10 2021.10/bin/../lib/gcc/arm-none-eabi/10.3.1/../../../../arm-none-eabi/lib/thumb/v7-m/nofp/crt0.o
memset                                            c:/program files (x86)/gnu arm embedded toolchain/10 2021.10/bin/../lib/gcc/arm-none-eabi/10.3.1/../../../../arm-none-eabi/lib/thumb/v7-m/nofp\libc_nano.a(lib_a-memset.o)
                                                  c:/program files (x86)/gnu arm embedded toolchain/10 2021.10/bin/../lib/gcc/arm-none-eabi/10.3.1/../../../../arm-none-eabi/lib/thumb/v7-m/nofp/crt0.o
software_init_hook                                c:/program files (x86)/gnu arm embedded toolchain/10 2021.10/bin/../lib/gcc/arm-none-eabi/10.3.1/../../../../arm-none-eabi/lib/thumb/v7-m/nofp/crt0.o
tim                                               Build/main.o
